[Bootstrap]
SetupTitle=Installieren
SetupText=Dateien werden kopiert. Bitte warten...
CabFile=WinAsm51.CAB
Spawn=Setup1.exe
Uninstal=st6unst.exe
TmpDir=msftqws.pdw
Cabs=1

[Bootstrap Files]
File1=@VB6STKIT.DLL,$(WinSysPathSysFile),,,7/15/00 12:00:00 AM,101888,6.0.84.50
File2=@COMCAT.DLL,$(WinSysPathSysFile),$(DLLSelfRegister),,5/31/98 12:00:00 AM,22288,4.71.1460.1
File3=@VB6DE.DLL,$(WinSysPath),,$(Shared),10/2/00 12:00:00 AM,125712,6.0.89.88
File4=@STDOLE2.TLB,$(WinSysPathSysFile),$(TLBRegister),,6/3/99 12:00:00 AM,17920,2.40.4275.1
File5=@ASYCFILT.DLL,$(WinSysPathSysFile),,,3/8/99 12:00:00 AM,147728,2.40.4275.1
File6=@OLEPRO32.DLL,$(WinSysPathSysFile),$(DLLSelfRegister),,3/8/99 12:00:00 AM,164112,5.0.4275.1
File7=@OLEAUT32.DLL,$(WinSysPathSysFile),$(DLLSelfRegister),,4/12/00 12:00:00 AM,598288,2.40.4275.1
File8=@msvbvm60.dll,$(WinSysPathSysFile),$(DLLSelfRegister),,8/21/00 11:22:54 AM,1388544,6.0.89.64

[IconGroups]
Group0=WinAsm51
PrivateGroup0=-1
Parent0=$(Programs)

[WinAsm51]
Icon1="WinAsm51.exe"
Title1=WinAsm51
StartIn1=$(AppPath)

[Setup]
Title=WinAsm51 v1.0.17
DefaultDir=$(ProgramFiles)\WinAsm51
AppExe=WinAsm51.exe
AppToUninstall=WinAsm51.exe

[Setup1 Files]
File1=@help.txt,$(AppPath),,,10/6/02 12:39:06 AM,8079,0.0.0.0
File2=@ASM51.PIF,$(AppPath),,,7/27/02 4:21:22 AM,967,0.0.0.0
File3=@MODUL.DEF,$(AppPath),,,5/9/98 7:47:22 PM,181,0.0.0.0
File4=@HEADER.DEF,$(AppPath),,,6/22/03 12:15:00 PM,2930,0.0.0.0
File5=@IECM51.PIF,$(AppPath),,,8/12/99 12:09:12 PM,967,0.0.0.0
File6=@TIPOFDAY.TXT,$(AppPath),,,9/3/02 10:44:10 PM,3181,0.0.0.0
File7=@OH.PIF,$(AppPath),,,7/27/02 3:47:00 AM,967,0.0.0.0
File8=@RL51.PIF,$(AppPath),,,7/27/02 4:21:22 AM,967,0.0.0.0
File9=@REG535.PDF,$(AppPath),,,7/27/02 2:03:48 AM,2767,0.0.0.0
File10=@REG52.PDF,$(AppPath),,,7/27/02 2:03:42 AM,1701,0.0.0.0
File11=@REG537.PDF,$(AppPath),,,7/27/02 2:07:28 AM,3125,0.0.0.0
File12=@REG51FB.PDF,$(AppPath),,,7/27/02 2:03:28 AM,2433,0.0.0.0
File13=@REG51.PDF,$(AppPath),,,7/27/02 2:02:52 AM,1341,0.0.0.0
File14=@REG320.PDF,$(AppPath),,,6/20/03 9:24:10 PM,3325,0.0.0.0
File15=@RL51.EXE,$(AppPath),,,2/29/88 1:30:22 PM,52097,0.0.0.0
File16=@OH.EXE,$(AppPath),,,2/29/88 1:30:04 PM,19195,0.0.0.0
File17=@IECM51.EXE,$(AppPath),,,10/12/88 3:41:02 PM,105708,0.0.0.0
File18=@ASM51.EXE,$(AppPath),,,2/29/88 1:30:00 PM,93375,0.0.0.0
File19=@RCHTXDE.DLL,$(WinSysPath),,$(Shared),7/6/98 12:00:00 AM,36352,6.0.81.63
File20=@RICHED32.DLL,$(WinSysPathSysFile),,,5/7/98 12:00:00 AM,174352,4.0.993.4
File21=@RICHTX32.OCX,$(WinSysPath),$(DLLSelfRegister),$(Shared),5/22/00 12:00:00 AM,203976,6.0.88.4
File22=@MSCOMDE.DLL,$(WinSysPath),,$(Shared),7/6/98 12:00:00 AM,14336,6.0.81.63
File23=@MSCOMM32.OCX,$(WinSysPath),$(DLLSelfRegister),$(Shared),2/28/00 2:47:44 AM,103744,6.0.81.69
File24=@CMCTLDE.DLL,$(WinSysPath),,$(Shared),5/5/98 12:00:00 AM,112640,6.0.80.22
File25=@comctl32.ocx,$(WinSysPath),$(DLLSelfRegister),$(Shared),5/22/00 4:58:00 PM,608448,6.0.81.5
File26=@CMDLGDE.DLL,$(WinSysPath),,$(Shared),7/6/98 12:00:00 AM,33792,6.0.81.63
File27=@COMDLG32.OCX,$(WinSysPath),$(DLLSelfRegister),$(Shared),2/28/00 2:48:12 AM,140288,6.0.84.18
File28=@WINASM51.EXE,$(AppPath),,,6/24/03 10:23:16 PM,389120,1.0.0.17

; Die folgenden Zeilen können gelöscht werden, um zusätzlichen 
; Platz für die Anpassung dieser Datei auf einer vollen Installationsdiskette 
; zu schaffen.
; 
; XXXXXXXXXXXXXXXXXXXXXXXXXXXXXXXXXXXXXXXXXXXXXXXXXXXXXXXXXXXX
; XXXXXXXXXXXXXXXXXXXXXXXXXXXXXXXXXXXXXXXXXXXXXXXXXXXXXXXXXXXX
; XXXXXXXXXXXXXXXXXXXXXXXXXXXXXXXXXXXXXXXXXXXXXXXXXXXXXXXXXXXX
; XXXXXXXXXXXXXXXXXXXXXXXXXXXXXXXXXXXXXXXXXXXXXXXXXXXXXXXXXXXX
; XXXXXXXXXXXXXXXXXXXXXXXXXXXXXXXXXXXXXXXXXXXXXXXXXXXXXXXXXXXX
; XXXXXXXXXXXXXXXXXXXXXXXXXXXXXXXXXXXXXXXXXXXXXXXXXXXXXXXXXXXX
; XXXXXXXXXXXXXXXXXXXXXXXXXXXXXXXXXXXXXXXXXXXXXXXXXXXXXXXXXXXX
; XXXXXXXXXXXXXXXXXXXXXXXXXXXXXXXXXXXXXXXXXXXXXXXXXXXXXXXXXXXX
; XXXXXXXXXXXXXXXXXXXXXXXXXXXXXXXXXXXXXXXXXXXXXXXXXXXXXXXXXXXX
; XXXXXXXXXXXXXXXXXXXXXXXXXXXXXXXXXXXXXXXXXXXXXXXXXXXXXXXXXXXX
; XXXXXXXXXXXXXXXXXXXXXXXXXXXXXXXXXXXXXXXXXXXXXXXXXXXXXXXXXXXX
; XXXXXXXXXXXXXXXXXXXXXXXXXXXXXXXXXXXXXXXXXXXXXXXXXXXXXXXXXXXX
; XXXXXXXXXXXXXXXXXXXXXXXXXXXXXXXXXXXXXXXXXXXXXXXXXXXXXXXXXXXX
; XXXXXXXXXXXXXXXXXXXXXXXXXXXXXXXXXXXXXXXXXXXXXXXXXXXXXXXXXXXX
; XXXXXXXXXXXXXXXXXXXXXXXXXXXXXXXXXXXXXXXXXXXXXXXXXXXXXXXXXXXX
; XXXXXXXXXXXXXXXXXXXXXXXXXXXXXXXXXXXXXXXXXXXXXXXXXXXXXXXXXXXX
; XXXXXXXXXXXXXXXXXXXXXXXXXXXXXXXXXXXXXXXXXXXXXXXXXXXXXXXXXXXX
; XXXXXXXXXXXXXXXXXXXXXXXXXXXXXXXXXXXXXXXXXXXXXXXXXXXXXXXXXXXX
; XXXXXXXXXXXXXXXXXXXXXXXXXXXXXXXXXXXXXXXXXXXXXXXXXXXXXXXXXXXX
; XXXXXXXXXXXXXXXXXXXXXXXXXXXXXXXXXXXXXXXXXXXXXXXXXXXXXXXXXXXX
; XXXXXXXXXXXXXXXXXXXXXXXXXXXXXXXXXXXXXXXXXXXXXXXXXXXXXXXXXXXX
; XXXXXXXXXXXXXXXXXXXXXXXXXXXXXXXXXXXXXXXXXXXXXXXXXXXXXXXXXXXX
; XXXXXXXXXXXXXXXXXXXXXXXXXXXXXXXXXXXXXXXXXXXXXXXXXXXXXXXXXXXX
; XXXXXXXXXXXXXXXXXXXXXXXXXXXXXXXXXXXXXXXXXXXXXXXXXXXXXXXXXXXX
; XXXXXXXXXXXXXXXXXXXXXXXXXXXXXXXXXXXXXXXXXXXXXXXXXXXXXXXXXXXX
; XXXXXXXXXXXXXXXXXXXXXXXXXXXXXXXXXXXXXXXXXXXXXXXXXXXXXXXXXXXX
; XXXXXXXXXXXXXXXXXXXXXXXXXXXXXXXXXXXXXXXXXXXXXXXXXXXXXXXXXXXX
; XXXXXXXXXXXXXXXXXXXXXXXXXXXXXXXXXXXXXXXXXXXXXXXXXXXXXXXXXXXX
; XXXXXXXXXXXXXXXXXXXXXXXXXXXXXXXXXXXXXXXXXXXXXXXXXXXXXXXXXXXX
; XXXXXXXXXXXXXXXXXXXXXXXXXXXXXXXXXXXXXXXXXXXXXXXXXXXXXXXXXXXX
; XXXXXXXXXXXXXXXXXXXXXXXXXXXXXXXXXXXXXXXXXXXXXXXXXXXXXXXXXXXX
; XXXXXXXXXXXXXXXXXXXXXXXXXXXXXXXXXXXXXXXXXXXXXXXXXXXXXXXXXXXX
; XXXXXXXXXXXXXXXXXXXXXXXXXXXXXXXXXXXXXXXXXXXXXXXXXXXXXXXXXXXX
; XXXXXXXXXXXXXXXXXXXXXXXXXXXXXXXXXXXXXXXXXXXXXXXXXXXXXXXXXXXX
; XXXXXXXXXXXXXXXXXXXXXXXXXXXXXXXXXXXXXXXXXXXXXXXXXXXXXXXXXXXX
